// Jest Snapshot v1, https://goo.gl/fbAQLP

exports[`OurSocials renders correctly 1`] = `
<styled.section>
  <WithStyles(ForwardRef(Container))
    maxWidth="md"
  >
    <Title>
      <h4>
        Свяжитесь с нами как вам удобно!
      </h4>
    </Title>
    <SocialHorizontal />
  </WithStyles(ForwardRef(Container))>
</styled.section>
`;
